<?xml version="1.0" encoding="UTF-8"?>
<TestRun id="46e5c858-5e2b-4445-aca1-160be264ea4b" name="Seth Webster@SETHWEBSTER-PC 2011-05-26 21:18:25" runUser="SethWebster-PC\Seth Webster" xmlns="http://microsoft.com/schemas/VisualStudio/TeamTest/2010">
  <TestSettings name="Default Test Settings" id="99e6490d-0ec9-43d9-9a6d-9e24612ce37e">
    <Deployment runDeploymentRoot="Seth Webster_SETHWEBSTER-PC 2011-05-26 21_18_25">
      <DeploymentItem filename="E:\Users\Seth Webster\Documents\Visual Studio 2010\Projects\git\TweetHarbor\TweetHarbor\bin\TweetHarbor.dll" />
    </Deployment>
    <Execution>
      <TestTypeSpecific />
      <AgentRule name="Execution Agents">
      </AgentRule>
    </Execution>
  </TestSettings>
  <Times creation="2011-05-26T21:18:25.3750203-07:00" queuing="2011-05-26T21:18:27.4851410-07:00" start="2011-05-26T21:18:27.8031592-07:00" finish="2011-05-26T21:19:27.1025510-07:00" />
  <ResultSummary outcome="Error">
    <Counters total="3" executed="3" passed="2" error="0" failed="0" timeout="0" aborted="1" inconclusive="0" passedButRunAborted="0" notRunnable="0" notExecuted="0" disconnected="0" warning="0" completed="0" inProgress="0" pending="0" />
    <RunInfos>
      <RunInfo computerName="SETHWEBSTER-PC" outcome="Error" timestamp="2011-05-26T21:19:27.1015509-07:00">
        <Text>Test host process exited unexpectedly.</Text>
      </RunInfo>
    </RunInfos>
  </ResultSummary>
  <TestDefinitions>
    <UnitTest name="TestNew" storage="e:\users\seth webster\documents\visual studio 2010\projects\git\tweetharbor\tweetharbor.tests\bin\debug\tweetharbor.tests.dll" id="e36e053a-c551-1958-94e7-1f501395cbb8">
      <Execution id="b187f1b1-a1f0-47fa-b63f-d9d2c833b67a" />
      <TestMethod codeBase="E:/Users/Seth Webster/Documents/Visual Studio 2010/Projects/git/TweetHarbor/TweetHarbor.Tests/bin/Debug/TweetHarbor.Tests.DLL" adapterTypeName="Microsoft.VisualStudio.TestTools.TestTypes.Unit.UnitTestAdapter, Microsoft.VisualStudio.QualityTools.Tips.UnitTest.Adapter, Version=10.0.0.0, Culture=neutral, PublicKeyToken=b03f5f7f11d50a3a" className="TweetHarbor.Tests.Controllers.NotifyControllerTest, TweetHarbor.Tests, Version=1.0.0.0, Culture=neutral, PublicKeyToken=null" name="TestNew" />
    </UnitTest>
    <UnitTest name="About" storage="e:\users\seth webster\documents\visual studio 2010\projects\git\tweetharbor\tweetharbor.tests\bin\debug\tweetharbor.tests.dll" id="a56e5f2a-d1a3-1cd5-9782-35236c200f41">
      <Execution id="484d0baa-c441-4f0b-b5ef-7d5007bffec9" />
      <TestMethod codeBase="E:/Users/Seth Webster/Documents/Visual Studio 2010/Projects/git/TweetHarbor/TweetHarbor.Tests/bin/Debug/TweetHarbor.Tests.DLL" adapterTypeName="Microsoft.VisualStudio.TestTools.TestTypes.Unit.UnitTestAdapter, Microsoft.VisualStudio.QualityTools.Tips.UnitTest.Adapter, Version=10.0.0.0, Culture=neutral, PublicKeyToken=b03f5f7f11d50a3a" className="TweetHarbor.Tests.Controllers.HomeControllerTest, TweetHarbor.Tests, Version=1.0.0.0, Culture=neutral, PublicKeyToken=null" name="About" />
    </UnitTest>
    <UnitTest name="Index" storage="e:\users\seth webster\documents\visual studio 2010\projects\git\tweetharbor\tweetharbor.tests\bin\debug\tweetharbor.tests.dll" id="5e7bc824-1dca-865a-7170-6dc7b3e14080">
      <Execution id="d6ccd756-8101-44cb-9887-e4f501aa6924" />
      <TestMethod codeBase="E:/Users/Seth Webster/Documents/Visual Studio 2010/Projects/git/TweetHarbor/TweetHarbor.Tests/bin/Debug/TweetHarbor.Tests.DLL" adapterTypeName="Microsoft.VisualStudio.TestTools.TestTypes.Unit.UnitTestAdapter, Microsoft.VisualStudio.QualityTools.Tips.UnitTest.Adapter, Version=10.0.0.0, Culture=neutral, PublicKeyToken=b03f5f7f11d50a3a" className="TweetHarbor.Tests.Controllers.HomeControllerTest, TweetHarbor.Tests, Version=1.0.0.0, Culture=neutral, PublicKeyToken=null" name="Index" />
    </UnitTest>
  </TestDefinitions>
  <TestLists>
    <TestList name="Results Not in a List" id="8c84fa94-04c1-424b-9868-57a2d4851a1d" />
    <TestList name="All Loaded Results" id="19431567-8539-422a-85d7-44ee4e166bda" />
  </TestLists>
  <TestEntries>
    <TestEntry testId="5e7bc824-1dca-865a-7170-6dc7b3e14080" executionId="d6ccd756-8101-44cb-9887-e4f501aa6924" testListId="8c84fa94-04c1-424b-9868-57a2d4851a1d" />
    <TestEntry testId="a56e5f2a-d1a3-1cd5-9782-35236c200f41" executionId="484d0baa-c441-4f0b-b5ef-7d5007bffec9" testListId="8c84fa94-04c1-424b-9868-57a2d4851a1d" />
    <TestEntry testId="e36e053a-c551-1958-94e7-1f501395cbb8" executionId="b187f1b1-a1f0-47fa-b63f-d9d2c833b67a" testListId="8c84fa94-04c1-424b-9868-57a2d4851a1d" />
  </TestEntries>
  <Results>
    <UnitTestResult executionId="d6ccd756-8101-44cb-9887-e4f501aa6924" testId="5e7bc824-1dca-865a-7170-6dc7b3e14080" testName="Index" computerName="SETHWEBSTER-PC" duration="00:00:00.4199604" startTime="2011-05-26T21:18:28.0971760-07:00" endTime="2011-05-26T21:18:30.9973419-07:00" testType="13cdc9d9-ddb5-4fa4-a97d-d965ccfc6d4b" outcome="Passed" testListId="8c84fa94-04c1-424b-9868-57a2d4851a1d" relativeResultsDirectory="d6ccd756-8101-44cb-9887-e4f501aa6924">
    </UnitTestResult>
    <UnitTestResult executionId="484d0baa-c441-4f0b-b5ef-7d5007bffec9" testId="a56e5f2a-d1a3-1cd5-9782-35236c200f41" testName="About" computerName="SETHWEBSTER-PC" duration="00:00:00.0005096" startTime="2011-05-26T21:18:31.0073425-07:00" endTime="2011-05-26T21:18:31.0143429-07:00" testType="13cdc9d9-ddb5-4fa4-a97d-d965ccfc6d4b" outcome="Passed" testListId="8c84fa94-04c1-424b-9868-57a2d4851a1d" relativeResultsDirectory="484d0baa-c441-4f0b-b5ef-7d5007bffec9">
    </UnitTestResult>
    <UnitTestResult executionId="b187f1b1-a1f0-47fa-b63f-d9d2c833b67a" testId="e36e053a-c551-1958-94e7-1f501395cbb8" testName="TestNew" computerName="SETHWEBSTER-PC" duration="00:00:56.0762074" startTime="2011-05-26T21:18:31.0263436-07:00" endTime="2011-05-26T21:19:27.1025510-07:00" testType="13cdc9d9-ddb5-4fa4-a97d-d965ccfc6d4b" outcome="Aborted" testListId="8c84fa94-04c1-424b-9868-57a2d4851a1d" relativeResultsDirectory="b187f1b1-a1f0-47fa-b63f-d9d2c833b67a">
    </UnitTestResult>
  </Results>
</TestRun>